<html>
<body>
<pre>
<h1>µVision Build Log</h1>
<h2>Project:</h2>
C:\Users\piotr\OneDrive\Pulpit\folderigt\kolejnerepo-\ppsw.hex.uvproj
Project File Date:  05/27/2026

<h2>Output:</h2>
Rebuild target 'Target 1'
assembling Startup.s...
compiling keyboard.c...
keyboard.h(8): warning:  #1-D: last line of file ends without a newline
keyboard.c(31): warning:  #1-D: last line of file ends without a newline
compiling led.c...
led.h(4): warning:  #1-D: last line of file ends without a newline
led.c(63): warning:  #1-D: last line of file ends without a newline
compiling servo1.c...
led.h(4): warning:  #1-D: last line of file ends without a newline
keyboard.h(8): warning:  #1-D: last line of file ends without a newline
compiling timer_interrupts.c...
compiling timer0.c...
timer0.h(4): warning:  #1-D: last line of file ends without a newline
timer0.c(40): warning:  #1-D: last line of file ends without a newline
compiling mains.c...
keyboard.h(8): warning:  #1-D: last line of file ends without a newline
mains.c(2): error:  #5: cannot open source input file "servo1.h": No such file or directory
".\ppsw.hex" - 1 Errors, 9 Warning(s).
Target not created
Rebuild target 'Target 1'
assembling Startup.s...
compiling keyboard.c...
keyboard.h(8): warning:  #1-D: last line of file ends without a newline
keyboard.c(31): warning:  #1-D: last line of file ends without a newline
compiling led.c...
led.h(4): warning:  #1-D: last line of file ends without a newline
led.c(63): warning:  #1-D: last line of file ends without a newline
compiling servo1.c...
led.h(4): warning:  #1-D: last line of file ends without a newline
keyboard.h(8): warning:  #1-D: last line of file ends without a newline
compiling timer_interrupts.c...
compiling timer0.c...
timer0.h(4): warning:  #1-D: last line of file ends without a newline
timer0.c(40): warning:  #1-D: last line of file ends without a newline
compiling mains.c...
keyboard.h(8): warning:  #1-D: last line of file ends without a newline
servo.h(8): warning:  #1-D: last line of file ends without a newline
linking...
Program Size: Code=2404 RO-data=32 RW-data=8 ZI-data=1272  
FromELF: creating hex file...
".\ppsw.hex" - 0 Errors, 10 Warning(s).
Clean started: Project: 'ppsw.hex'
   deleting intermediate output files for target 'Target 1'
Clean started: Project: 'ppsw.hex'
   deleting intermediate output files for target 'Target 1'
